EAL: Detected 64 lcore(s)
EAL: Detected 2 NUMA nodes
EAL: Multi-process socket /var/run/dpdk/rte/mp_socket
EAL: Selected IOVA mode 'VA'
EAL: No available hugepages reported in hugepages-2048kB
EAL: Probing VFIO support...
EAL: VFIO support initialized
EAL:   using IOMMU type 1 (Type 1)
EAL: Probe PCI driver: net_qdma (10ee:903f) device: 0000:3b:00.0 (socket 0)
PMD: QDMA PMD VERSION: 2020.2.1
EAL: Probe PCI driver: net_qdma (10ee:913f) device: 0000:3b:00.1 (socket 0)
EAL: Probe PCI driver: mlx5_pci (15b3:1017) device: 0000:86:00.0 (socket 1)
mlx5_pci: Size 0xFFFF is not power of 2, will be aligned to 0x10000.
EAL: No legacy callbacks, legacy socket not created
reflect pool on socket 1
poller port 0 on lcore 4 (reflect via port 2 txq 0, tag 'P')
poller port 1 on lcore 6 (reflect via port 2 txq 1, tag 'B')
TSC 2.890 GHz; kernel-free reflect via port 2, dst=b8:83:03:7a:e0:b8; 10 runs.
-- waiting for run 1 traffic...
-- run 1 receiving...
== run 1 done: matched=20000 only_p4=0 only_bypass=0 reflected=[20000 20000] -> RH_s4/f_run01.csv
-- waiting for run 2 traffic...
-- run 2 receiving...
== run 2 done: matched=20000 only_p4=0 only_bypass=0 reflected=[20000 20000] -> RH_s4/f_run02.csv
-- waiting for run 3 traffic...
-- run 3 receiving...
== run 3 done: matched=20000 only_p4=0 only_bypass=0 reflected=[20000 20000] -> RH_s4/f_run03.csv
-- waiting for run 4 traffic...
-- run 4 receiving...
== run 4 done: matched=20000 only_p4=0 only_bypass=0 reflected=[20000 20000] -> RH_s4/f_run04.csv
-- waiting for run 5 traffic...
-- run 5 receiving...
== run 5 done: matched=20000 only_p4=0 only_bypass=0 reflected=[20000 20000] -> RH_s4/f_run05.csv
-- waiting for run 6 traffic...
-- run 6 receiving...
== run 6 done: matched=20000 only_p4=0 only_bypass=0 reflected=[20000 20000] -> RH_s4/f_run06.csv
-- waiting for run 7 traffic...
-- run 7 receiving...
== run 7 done: matched=20000 only_p4=0 only_bypass=0 reflected=[20000 20000] -> RH_s4/f_run07.csv
-- waiting for run 8 traffic...
-- run 8 receiving...
== run 8 done: matched=20000 only_p4=0 only_bypass=0 reflected=[20000 20000] -> RH_s4/f_run08.csv
-- waiting for run 9 traffic...
-- run 9 receiving...
== run 9 done: matched=20000 only_p4=0 only_bypass=0 reflected=[20000 20000] -> RH_s4/f_run09.csv
-- waiting for run 10 traffic...
-- run 10 receiving...
== run 10 done: matched=20000 only_p4=0 only_bypass=0 reflected=[20000 20000] -> RH_s4/f_run10.csv
all runs complete. leaving ports up (no close).
